12(NH4)2MoO4 + Na3PO4 + 3NH4NO3 --> 24NH3 + 3NaNO3 + 12H2O + (NH4)3P(Mo3O10)4
