H2 + Cu(NO3)2 --> Cu + 2HNO3
H2 + 2O2 + 2NO --> 2HNO3
2H2 + O2 --> 2H2O
H2 + O2 --> H2O2
