8H2O + 5Cl2 + 2Mn^2 --> 16H^ + 10Cl^- + 2MnO4^-
2H^ + 2Cl^- + Cu(NO3)2 --> Cl2 + Cu + 2HNO3
6H^ + 6Cl^- + 2HNO3 --> 4H2O + 3Cl2 + 2NO
6H^ + 6Cl^- + Fe2O3 --> 3H2O + 2FeCl3
6H^ + 6Cl^- + Na2O3 --> 3H2O + 2Cl2 + 2NaCl
H^ + Cl^- --> HCl
