3Na2CO3 + 2FeCl3 --> 6NaCl + Fe2O3 + 3CO2
6HCl + Fe2O3 --> 2FeCl3 + 3H2O
